
snpra@SNPrathap MINGW64 /d/Chinna Files/Git (master)
$ git clone https://github.com/Gangadhar-gr/testproject.git
Cloning into 'testproject'...
remote: Enumerating objects: 3, done.
remote: Counting objects: 100% (3/3), done.
remote: Total 3 (delta 0), reused 0 (delta 0), pack-reused 0
Receiving objects: 100% (3/3), done.

snpra@SNPrathap MINGW64 /d/Chinna Files/Git (master)
$ ls
reddytest/  testproject/

snpra@SNPrathap MINGW64 /d/Chinna Files/Git (master)
$ ll
total 0
drwxr-xr-x 1 snpra 197609 0 Jul 11 20:05 reddytest/
drwxr-xr-x 1 snpra 197609 0 Jul 12 19:12 testproject/

snpra@SNPrathap MINGW64 /d/Chinna Files/Git (master)
$ cd testproject

snpra@SNPrathap MINGW64 /d/Chinna Files/Git/testproject (main)
$ git status
On branch main
Your branch is up to date with 'origin/main'.

nothing to commit, working tree clean

snpra@SNPrathap MINGW64 /d/Chinna Files/Git/testproject (main)
$ touch test1 test2 test3 test4

snpra@SNPrathap MINGW64 /d/Chinna Files/Git/testproject (main)
$ git status
On branch main
Your branch is up to date with 'origin/main'.

Untracked files:
  (use "git add <file>..." to include in what will be committed)
        test1
        test2
        test3
        test4

nothing added to commit but untracked files present (use "git add" to track)

snpra@SNPrathap MINGW64 /d/Chinna Files/Git/testproject (main)
$ git add*
git: 'add*' is not a git command. See 'git --help'.

The most similar command is
        add

snpra@SNPrathap MINGW64 /d/Chinna Files/Git/testproject (main)
$ git add test1 test2 test3 test4

snpra@SNPrathap MINGW64 /d/Chinna Files/Git/testproject (main)
$ git status
On branch main
Your branch is up to date with 'origin/main'.

Changes to be committed:
  (use "git restore --staged <file>..." to unstage)
        new file:   test1
        new file:   test2
        new file:   test3
        new file:   test4


snpra@SNPrathap MINGW64 /d/Chinna Files/Git/testproject (main)
$ git commit -m "all are test"
[main 7fd634e] all are test
 4 files changed, 0 insertions(+), 0 deletions(-)
 create mode 100644 test1
 create mode 100644 test2
 create mode 100644 test3
 create mode 100644 test4

snpra@SNPrathap MINGW64 /d/Chinna Files/Git/testproject (main)
$

snpra@SNPrathap MINGW64 /d/Chinna Files/Git/testproject (main)
$ rm test4

snpra@SNPrathap MINGW64 /d/Chinna Files/Git/testproject (main)
$ ll
total 1
-rw-r--r-- 1 snpra 197609 13 Jul 12 19:12 README.md
-rw-r--r-- 1 snpra 197609  0 Jul 12 19:22 test1
-rw-r--r-- 1 snpra 197609  0 Jul 12 19:22 test2
-rw-r--r-- 1 snpra 197609  0 Jul 12 19:22 test3

snpra@SNPrathap MINGW64 /d/Chinna Files/Git/testproject (main)
$ git status
On branch main
Your branch is ahead of 'origin/main' by 1 commit.
  (use "git push" to publish your local commits)

Changes not staged for commit:
  (use "git add/rm <file>..." to update what will be committed)
  (use "git restore <file>..." to discard changes in working directory)
        deleted:    test4

no changes added to commit (use "git add" and/or "git commit -a")

snpra@SNPrathap MINGW64 /d/Chinna Files/Git/testproject (main)
$ git restore test4

snpra@SNPrathap MINGW64 /d/Chinna Files/Git/testproject (main)
$ git status
On branch main
Your branch is ahead of 'origin/main' by 1 commit.
  (use "git push" to publish your local commits)

nothing to commit, working tree clean

snpra@SNPrathap MINGW64 /d/Chinna Files/Git/testproject (main)
$ git push
Enumerating objects: 4, done.
Counting objects: 100% (4/4), done.
Delta compression using up to 4 threads
Compressing objects: 100% (2/2), done.
Writing objects: 100% (3/3), 286 bytes | 95.00 KiB/s, done.
Total 3 (delta 0), reused 0 (delta 0), pack-reused 0
To https://github.com/Gangadhar-gr/testproject.git
   17b680d..7fd634e  main -> main

snpra@SNPrathap MINGW64 /d/Chinna Files/Git/testproject (main)
$

end end
